<?xml version="1.0" encoding="UTF-8"?>
<testsuites name="jest tests" tests="45" failures="0" errors="0" time="6.099">
  <testsuite name="widgets/Navbar" errors="0" failures="0" skipped="0" timestamp="2026-05-29T13:08:36" time="3.184" tests="3">
    <testcase classname="widgets/Navbar Light smoke-test" name="widgets/Navbar Light smoke-test" time="0.524">
    </testcase>
    <testcase classname="widgets/Navbar Dark smoke-test" name="widgets/Navbar Dark smoke-test" time="0.249">
    </testcase>
    <testcase classname="widgets/Navbar AuthNavbar smoke-test" name="widgets/Navbar AuthNavbar smoke-test" time="0.324">
    </testcase>
  </testsuite>
  <testsuite name="pages/AboutPage" errors="0" failures="0" skipped="0" timestamp="2026-05-29T13:08:36" time="3.195" tests="2">
    <testcase classname="pages/AboutPage Normal smoke-test" name="pages/AboutPage Normal smoke-test" time="0.487">
    </testcase>
    <testcase classname="pages/AboutPage Dark smoke-test" name="pages/AboutPage Dark smoke-test" time="0.348">
    </testcase>
  </testsuite>
  <testsuite name="pages/MainPage" errors="0" failures="0" skipped="0" timestamp="2026-05-29T13:08:36" time="3.208" tests="2">
    <testcase classname="pages/MainPage Normal smoke-test" name="pages/MainPage Normal smoke-test" time="0.598">
    </testcase>
    <testcase classname="pages/MainPage Dark smoke-test" name="pages/MainPage Dark smoke-test" time="0.34">
    </testcase>
  </testsuite>
  <testsuite name="features/LoginForm" errors="0" failures="0" skipped="0" timestamp="2026-05-29T13:08:36" time="3.162" tests="2">
    <testcase classname="features/LoginForm Primary smoke-test" name="features/LoginForm Primary smoke-test" time="0.502">
    </testcase>
    <testcase classname="features/LoginForm Error smoke-test" name="features/LoginForm Error smoke-test" time="0.415">
    </testcase>
  </testsuite>
  <testsuite name="widgets/SideBar" errors="0" failures="0" skipped="0" timestamp="2026-05-29T13:08:36" time="3.27" tests="2">
    <testcase classname="widgets/SideBar Light smoke-test" name="widgets/SideBar Light smoke-test" time="0.638">
    </testcase>
    <testcase classname="widgets/SideBar Dark smoke-test" name="widgets/SideBar Dark smoke-test" time="0.337">
    </testcase>
  </testsuite>
  <testsuite name="widgets/ErrorPage" errors="0" failures="0" skipped="0" timestamp="2026-05-29T13:08:36" time="3.285" tests="2">
    <testcase classname="widgets/ErrorPage Light smoke-test" name="widgets/ErrorPage Light smoke-test" time="0.587">
    </testcase>
    <testcase classname="widgets/ErrorPage Dark smoke-test" name="widgets/ErrorPage Dark smoke-test" time="0.414">
    </testcase>
  </testsuite>
  <testsuite name="pages/NotFoundPage" errors="0" failures="0" skipped="0" timestamp="2026-05-29T13:08:36" time="3.352" tests="2">
    <testcase classname="pages/NotFoundPage Normal smoke-test" name="pages/NotFoundPage Normal smoke-test" time="0.364">
    </testcase>
    <testcase classname="pages/NotFoundPage Dark smoke-test" name="pages/NotFoundPage Dark smoke-test" time="0.39">
    </testcase>
  </testsuite>
  <testsuite name="shared/AppLink" errors="0" failures="0" skipped="0" timestamp="2026-05-29T13:08:36" time="3.551" tests="4">
    <testcase classname="shared/AppLink Primary smoke-test" name="shared/AppLink Primary smoke-test" time="0.474">
    </testcase>
    <testcase classname="shared/AppLink Secondary smoke-test" name="shared/AppLink Secondary smoke-test" time="0.261">
    </testcase>
    <testcase classname="shared/AppLink PrimaryDark smoke-test" name="shared/AppLink PrimaryDark smoke-test" time="0.382">
    </testcase>
    <testcase classname="shared/AppLink SecondaryDark smoke-test" name="shared/AppLink SecondaryDark smoke-test" time="0.147">
    </testcase>
  </testsuite>
  <testsuite name="shared/Text" errors="0" failures="0" skipped="0" timestamp="2026-05-29T13:08:36" time="4.167" tests="7">
    <testcase classname="shared/Text Primary smoke-test" name="shared/Text Primary smoke-test" time="0.598">
    </testcase>
    <testcase classname="shared/Text Error smoke-test" name="shared/Text Error smoke-test" time="0.284">
    </testcase>
    <testcase classname="shared/Text OnlyTitle smoke-test" name="shared/Text OnlyTitle smoke-test" time="0.286">
    </testcase>
    <testcase classname="shared/Text OnlyText smoke-test" name="shared/Text OnlyText smoke-test" time="0.147">
    </testcase>
    <testcase classname="shared/Text PrimaryDark smoke-test" name="shared/Text PrimaryDark smoke-test" time="0.165">
    </testcase>
    <testcase classname="shared/Text OnlyTitleDark smoke-test" name="shared/Text OnlyTitleDark smoke-test" time="0.158">
    </testcase>
    <testcase classname="shared/Text OnlyTextDark smoke-test" name="shared/Text OnlyTextDark smoke-test" time="0.214">
    </testcase>
  </testsuite>
  <testsuite name="shared/Modal" errors="0" failures="0" skipped="0" timestamp="2026-05-29T13:08:39" time="0.98" tests="1">
    <testcase classname="shared/Modal Primary smoke-test" name="shared/Modal Primary smoke-test" time="0.252">
    </testcase>
  </testsuite>
  <testsuite name="shared/Input" errors="0" failures="0" skipped="0" timestamp="2026-05-29T13:08:39" time="0.995" tests="1">
    <testcase classname="shared/Input Primary smoke-test" name="shared/Input Primary smoke-test" time="0.262">
    </testcase>
  </testsuite>
  <testsuite name="widgets/ThemeSwitcher" errors="0" failures="0" skipped="0" timestamp="2026-05-29T13:08:39" time="1.111" tests="2">
    <testcase classname="widgets/ThemeSwitcher Normal smoke-test" name="widgets/ThemeSwitcher Normal smoke-test" time="0.245">
    </testcase>
    <testcase classname="widgets/ThemeSwitcher Dark smoke-test" name="widgets/ThemeSwitcher Dark smoke-test" time="0.135">
    </testcase>
  </testsuite>
  <testsuite name="shared/Loader" errors="0" failures="0" skipped="0" timestamp="2026-05-29T13:08:39" time="1.117" tests="2">
    <testcase classname="shared/Loader Normal smoke-test" name="shared/Loader Normal smoke-test" time="0.243">
    </testcase>
    <testcase classname="shared/Loader Dark smoke-test" name="shared/Loader Dark smoke-test" time="0.137">
    </testcase>
  </testsuite>
  <testsuite name="shared/Button" errors="0" failures="0" skipped="0" timestamp="2026-05-29T13:08:36" time="4.816" tests="13">
    <testcase classname="shared/Button Primary smoke-test" name="shared/Button Primary smoke-test" time="0.44">
    </testcase>
    <testcase classname="shared/Button Clear smoke-test" name="shared/Button Clear smoke-test" time="0.273">
    </testcase>
    <testcase classname="shared/Button ClearInverted smoke-test" name="shared/Button ClearInverted smoke-test" time="0.271">
    </testcase>
    <testcase classname="shared/Button Outlined smoke-test" name="shared/Button Outlined smoke-test" time="0.172">
    </testcase>
    <testcase classname="shared/Button OutlinedSizeL smoke-test" name="shared/Button OutlinedSizeL smoke-test" time="0.153">
    </testcase>
    <testcase classname="shared/Button OutlinedSizeXL smoke-test" name="shared/Button OutlinedSizeXL smoke-test" time="0.171">
    </testcase>
    <testcase classname="shared/Button OutlinedDark smoke-test" name="shared/Button OutlinedDark smoke-test" time="0.235">
    </testcase>
    <testcase classname="shared/Button BackgroundTheme smoke-test" name="shared/Button BackgroundTheme smoke-test" time="0.141">
    </testcase>
    <testcase classname="shared/Button BackgroundInverted smoke-test" name="shared/Button BackgroundInverted smoke-test" time="0.124">
    </testcase>
    <testcase classname="shared/Button Square smoke-test" name="shared/Button Square smoke-test" time="0.105">
    </testcase>
    <testcase classname="shared/Button SquareSizeL smoke-test" name="shared/Button SquareSizeL smoke-test" time="0.109">
    </testcase>
    <testcase classname="shared/Button SquareSizeXL smoke-test" name="shared/Button SquareSizeXL smoke-test" time="0.113">
    </testcase>
    <testcase classname="shared/Button Disabled smoke-test" name="shared/Button Disabled smoke-test" time="0.112">
    </testcase>
  </testsuite>
</testsuites>